Archive member included to satisfy reference by file (symbol)

c:/program files (x86)/atmel/studio/7.0/toolchain/avr8/avr8-gnu-toolchain/bin/../lib/gcc/avr/4.9.2/avr51\libgcc.a(_divmodsi4.o)
                              twi.o (__divmodsi4)
c:/program files (x86)/atmel/studio/7.0/toolchain/avr8/avr8-gnu-toolchain/bin/../lib/gcc/avr/4.9.2/avr51\libgcc.a(_negsi2.o)
                              c:/program files (x86)/atmel/studio/7.0/toolchain/avr8/avr8-gnu-toolchain/bin/../lib/gcc/avr/4.9.2/avr51\libgcc.a(_divmodsi4.o) (__negsi2)
c:/program files (x86)/atmel/studio/7.0/toolchain/avr8/avr8-gnu-toolchain/bin/../lib/gcc/avr/4.9.2/avr51\libgcc.a(_exit.o)
                              C:/Program Files (x86)/Atmel/Studio/7.0/Packs/atmel/ATmega_DFP/1.1.130/gcc/dev/atmega1280/avr51/crtatmega1280.o (exit)
c:/program files (x86)/atmel/studio/7.0/toolchain/avr8/avr8-gnu-toolchain/bin/../lib/gcc/avr/4.9.2/avr51\libgcc.a(_copy_data.o)
                              display.o (__do_copy_data)
c:/program files (x86)/atmel/studio/7.0/toolchain/avr8/avr8-gnu-toolchain/bin/../lib/gcc/avr/4.9.2/avr51\libgcc.a(_clear_bss.o)
                              display.o (__do_clear_bss)
c:/program files (x86)/atmel/studio/7.0/toolchain/avr8/avr8-gnu-toolchain/bin/../lib/gcc/avr/4.9.2/avr51\libgcc.a(_umulhisi3.o)
                              display.o (__umulhisi3)
c:/program files (x86)/atmel/studio/7.0/toolchain/avr8/avr8-gnu-toolchain/bin/../lib/gcc/avr/4.9.2/avr51\libgcc.a(_udivmodsi4.o)
                              c:/program files (x86)/atmel/studio/7.0/toolchain/avr8/avr8-gnu-toolchain/bin/../lib/gcc/avr/4.9.2/avr51\libgcc.a(_divmodsi4.o) (__udivmodsi4)
c:/program files (x86)/atmel/studio/7.0/toolchain/avr8/avr8-gnu-toolchain/bin/../lib/gcc/avr/4.9.2/../../../../avr/lib/avr51\libc.a(malloc.o)
                              twi.o (malloc)

Allocating common symbols
Common symbol       size              file

reg                 0x1               twi.o
TXIndex             0x2               twi.o
TXSize              0x2               twi.o
__brkval            0x2               c:/program files (x86)/atmel/studio/7.0/toolchain/avr8/avr8-gnu-toolchain/bin/../lib/gcc/avr/4.9.2/../../../../avr/lib/avr51\libc.a(malloc.o)
TXBuffer            0x2               twi.o
mode                0x1               twi.o
deviceId            0x1               twi.o
usart0_recv_ring_buf
                    0x82              usart0.o
callbackFunction    0x2               twi.o
__flp               0x2               c:/program files (x86)/atmel/studio/7.0/toolchain/avr8/avr8-gnu-toolchain/bin/../lib/gcc/avr/4.9.2/../../../../avr/lib/avr51\libc.a(malloc.o)
usart0_send_ring_buf
                    0x82              usart0.o

Discarded input sections

 .data          0x00000000        0x0 C:/Program Files (x86)/Atmel/Studio/7.0/Packs/atmel/ATmega_DFP/1.1.130/gcc/dev/atmega1280/avr51/crtatmega1280.o
 .bss           0x00000000        0x0 C:/Program Files (x86)/Atmel/Studio/7.0/Packs/atmel/ATmega_DFP/1.1.130/gcc/dev/atmega1280/avr51/crtatmega1280.o
 .text          0x00000000        0x0 display.o
 .data          0x00000000        0x0 display.o
 .bss           0x00000000        0x0 display.o
 .text          0x00000000        0x0 DS1337.o
 .data          0x00000000        0x0 DS1337.o
 .bss           0x00000000        0x0 DS1337.o
 .text.rtc_setDate
                0x00000000       0x74 DS1337.o
 .text.rtc_getDate
                0x00000000       0x10 DS1337.o
 .text.rtc_getStatus
                0x00000000       0x10 DS1337.o
 .text          0x00000000        0x0 main.o
 .data          0x00000000        0x0 main.o
 .bss           0x00000000        0x0 main.o
 .text          0x00000000        0x0 ringbuffer.o
 .data          0x00000000        0x0 ringbuffer.o
 .bss           0x00000000        0x0 ringbuffer.o
 .text.ring_buffer_is_empty
                0x00000000       0x18 ringbuffer.o
 .text.ring_buffer_is_full
                0x00000000       0x22 ringbuffer.o
 .text.ring_buffer_num_items
                0x00000000       0x16 ringbuffer.o
 .text.ring_buffer_init
                0x00000000        0xe ringbuffer.o
 .text.ring_buffer_queue_arr
                0x00000000       0x3e ringbuffer.o
 .text.ring_buffer_dequeue_arr
                0x00000000       0x5a ringbuffer.o
 .text.ring_buffer_peek
                0x00000000       0x2c ringbuffer.o
 .text          0x00000000        0x0 spi.o
 .data          0x00000000        0x0 spi.o
 .bss           0x00000000        0x0 spi.o
 .text          0x00000000        0x0 twi.o
 .data          0x00000000        0x0 twi.o
 .bss           0x00000000        0x0 twi.o
 .text.twi_init
                0x00000000       0x44 twi.o
 .text          0x00000000        0x0 usart0.o
 .data          0x00000000        0x0 usart0.o
 .bss           0x00000000        0x0 usart0.o
 .text.usart0_recv_queue_size
                0x00000000       0x14 usart0.o
 .text.usart0_recv_dequeue
                0x00000000       0x16 usart0.o
 .text.usart0_recv_peek
                0x00000000       0x18 usart0.o
 .text.usart0_send
                0x00000000       0x20 usart0.o
 .text.usart0_send_arr
                0x00000000       0x22 usart0.o
 .text.usart0_init
                0x00000000       0x30 usart0.o
 .text.get_usart0_descriptor
                0x00000000        0x6 usart0.o
 .data.descriptor.1615
                0x00000000        0xa usart0.o
 .text          0x00000000        0x0 c:/program files (x86)/atmel/studio/7.0/toolchain/avr8/avr8-gnu-toolchain/bin/../lib/gcc/avr/4.9.2/avr51\libgcc.a(_divmodsi4.o)
 .data          0x00000000        0x0 c:/program files (x86)/atmel/studio/7.0/toolchain/avr8/avr8-gnu-toolchain/bin/../lib/gcc/avr/4.9.2/avr51\libgcc.a(_divmodsi4.o)
 .bss           0x00000000        0x0 c:/program files (x86)/atmel/studio/7.0/toolchain/avr8/avr8-gnu-toolchain/bin/../lib/gcc/avr/4.9.2/avr51\libgcc.a(_divmodsi4.o)
 .text.libgcc.mul
                0x00000000        0x0 c:/program files (x86)/atmel/studio/7.0/toolchain/avr8/avr8-gnu-toolchain/bin/../lib/gcc/avr/4.9.2/avr51\libgcc.a(_divmodsi4.o)
 .text.libgcc.div
                0x00000000       0x2e c:/program files (x86)/atmel/studio/7.0/toolchain/avr8/avr8-gnu-toolchain/bin/../lib/gcc/avr/4.9.2/avr51\libgcc.a(_divmodsi4.o)
 .text.libgcc   0x00000000        0x0 c:/program files (x86)/atmel/studio/7.0/toolchain/avr8/avr8-gnu-toolchain/bin/../lib/gcc/avr/4.9.2/avr51\libgcc.a(_divmodsi4.o)
 .text.libgcc.prologue
                0x00000000        0x0 c:/program files (x86)/atmel/studio/7.0/toolchain/avr8/avr8-gnu-toolchain/bin/../lib/gcc/avr/4.9.2/avr51\libgcc.a(_divmodsi4.o)
 .text.libgcc.builtins
                0x00000000        0x0 c:/program files (x86)/atmel/studio/7.0/toolchain/avr8/avr8-gnu-toolchain/bin/../lib/gcc/avr/4.9.2/avr51\libgcc.a(_divmodsi4.o)
 .text.libgcc.fmul
                0x00000000        0x0 c:/program files (x86)/atmel/studio/7.0/toolchain/avr8/avr8-gnu-toolchain/bin/../lib/gcc/avr/4.9.2/avr51\libgcc.a(_divmodsi4.o)
 .text.libgcc.fixed
                0x00000000        0x0 c:/program files (x86)/atmel/studio/7.0/toolchain/avr8/avr8-gnu-toolchain/bin/../lib/gcc/avr/4.9.2/avr51\libgcc.a(_divmodsi4.o)
 .text          0x00000000        0x0 c:/program files (x86)/atmel/studio/7.0/toolchain/avr8/avr8-gnu-toolchain/bin/../lib/gcc/avr/4.9.2/avr51\libgcc.a(_negsi2.o)
 .data          0x00000000        0x0 c:/program files (x86)/atmel/studio/7.0/toolchain/avr8/avr8-gnu-toolchain/bin/../lib/gcc/avr/4.9.2/avr51\libgcc.a(_negsi2.o)
 .bss           0x00000000        0x0 c:/program files (x86)/atmel/studio/7.0/toolchain/avr8/avr8-gnu-toolchain/bin/../lib/gcc/avr/4.9.2/avr51\libgcc.a(_negsi2.o)
 .text.libgcc.mul
                0x00000000        0x0 c:/program files (x86)/atmel/studio/7.0/toolchain/avr8/avr8-gnu-toolchain/bin/../lib/gcc/avr/4.9.2/avr51\libgcc.a(_negsi2.o)
 .text.libgcc.div
                0x00000000       0x10 c:/program files (x86)/atmel/studio/7.0/toolchain/avr8/avr8-gnu-toolchain/bin/../lib/gcc/avr/4.9.2/avr51\libgcc.a(_negsi2.o)
 .text.libgcc   0x00000000        0x0 c:/program files (x86)/atmel/studio/7.0/toolchain/avr8/avr8-gnu-toolchain/bin/../lib/gcc/avr/4.9.2/avr51\libgcc.a(_negsi2.o)
 .text.libgcc.prologue
                0x00000000        0x0 c:/program files (x86)/atmel/studio/7.0/toolchain/avr8/avr8-gnu-toolchain/bin/../lib/gcc/avr/4.9.2/avr51\libgcc.a(_negsi2.o)
 .text.libgcc.builtins
                0x00000000        0x0 c:/program files (x86)/atmel/studio/7.0/toolchain/avr8/avr8-gnu-toolchain/bin/../lib/gcc/avr/4.9.2/avr51\libgcc.a(_negsi2.o)
 .text.libgcc.fmul
                0x00000000        0x0 c:/program files (x86)/atmel/studio/7.0/toolchain/avr8/avr8-gnu-toolchain/bin/../lib/gcc/avr/4.9.2/avr51\libgcc.a(_negsi2.o)
 .text.libgcc.fixed
                0x00000000        0x0 c:/program files (x86)/atmel/studio/7.0/toolchain/avr8/avr8-gnu-toolchain/bin/../lib/gcc/avr/4.9.2/avr51\libgcc.a(_negsi2.o)
 .text          0x00000000        0x0 c:/program files (x86)/atmel/studio/7.0/toolchain/avr8/avr8-gnu-toolchain/bin/../lib/gcc/avr/4.9.2/avr51\libgcc.a(_exit.o)
 .data          0x00000000        0x0 c:/program files (x86)/atmel/studio/7.0/toolchain/avr8/avr8-gnu-toolchain/bin/../lib/gcc/avr/4.9.2/avr51\libgcc.a(_exit.o)
 .bss           0x00000000        0x0 c:/program files (x86)/atmel/studio/7.0/toolchain/avr8/avr8-gnu-toolchain/bin/../lib/gcc/avr/4.9.2/avr51\libgcc.a(_exit.o)
 .text.libgcc.mul
                0x00000000        0x0 c:/program files (x86)/atmel/studio/7.0/toolchain/avr8/avr8-gnu-toolchain/bin/../lib/gcc/avr/4.9.2/avr51\libgcc.a(_exit.o)
 .text.libgcc.div
                0x00000000        0x0 c:/program files (x86)/atmel/studio/7.0/toolchain/avr8/avr8-gnu-toolchain/bin/../lib/gcc/avr/4.9.2/avr51\libgcc.a(_exit.o)
 .text.libgcc   0x00000000        0x0 c:/program files (x86)/atmel/studio/7.0/toolchain/avr8/avr8-gnu-toolchain/bin/../lib/gcc/avr/4.9.2/avr51\libgcc.a(_exit.o)
 .text.libgcc.prologue
                0x00000000        0x0 c:/program files (x86)/atmel/studio/7.0/toolchain/avr8/avr8-gnu-toolchain/bin/../lib/gcc/avr/4.9.2/avr51\libgcc.a(_exit.o)
 .text.libgcc.builtins
                0x00000000        0x0 c:/program files (x86)/atmel/studio/7.0/toolchain/avr8/avr8-gnu-toolchain/bin/../lib/gcc/avr/4.9.2/avr51\libgcc.a(_exit.o)
 .text.libgcc.fmul
                0x00000000        0x0 c:/program files (x86)/atmel/studio/7.0/toolchain/avr8/avr8-gnu-toolchain/bin/../lib/gcc/avr/4.9.2/avr51\libgcc.a(_exit.o)
 .text.libgcc.fixed
                0x00000000        0x0 c:/program files (x86)/atmel/studio/7.0/toolchain/avr8/avr8-gnu-toolchain/bin/../lib/gcc/avr/4.9.2/avr51\libgcc.a(_exit.o)
 .text          0x00000000        0x0 c:/program files (x86)/atmel/studio/7.0/toolchain/avr8/avr8-gnu-toolchain/bin/../lib/gcc/avr/4.9.2/avr51\libgcc.a(_copy_data.o)
 .data          0x00000000        0x0 c:/program files (x86)/atmel/studio/7.0/toolchain/avr8/avr8-gnu-toolchain/bin/../lib/gcc/avr/4.9.2/avr51\libgcc.a(_copy_data.o)
 .bss           0x00000000        0x0 c:/program files (x86)/atmel/studio/7.0/toolchain/avr8/avr8-gnu-toolchain/bin/../lib/gcc/avr/4.9.2/avr51\libgcc.a(_copy_data.o)
 .text.libgcc.mul
                0x00000000        0x0 c:/program files (x86)/atmel/studio/7.0/toolchain/avr8/avr8-gnu-toolchain/bin/../lib/gcc/avr/4.9.2/avr51\libgcc.a(_copy_data.o)
 .text.libgcc.div
                0x00000000        0x0 c:/program files (x86)/atmel/studio/7.0/toolchain/avr8/avr8-gnu-toolchain/bin/../lib/gcc/avr/4.9.2/avr51\libgcc.a(_copy_data.o)
 .text.libgcc   0x00000000        0x0 c:/program files (x86)/atmel/studio/7.0/toolchain/avr8/avr8-gnu-toolchain/bin/../lib/gcc/avr/4.9.2/avr51\libgcc.a(_copy_data.o)
 .text.libgcc.prologue
                0x00000000        0x0 c:/program files (x86)/atmel/studio/7.0/toolchain/avr8/avr8-gnu-toolchain/bin/../lib/gcc/avr/4.9.2/avr51\libgcc.a(_copy_data.o)
 .text.libgcc.builtins
                0x00000000        0x0 c:/program files (x86)/atmel/studio/7.0/toolchain/avr8/avr8-gnu-toolchain/bin/../lib/gcc/avr/4.9.2/avr51\libgcc.a(_copy_data.o)
 .text.libgcc.fmul
                0x00000000        0x0 c:/program files (x86)/atmel/studio/7.0/toolchain/avr8/avr8-gnu-toolchain/bin/../lib/gcc/avr/4.9.2/avr51\libgcc.a(_copy_data.o)
 .text.libgcc.fixed
                0x00000000        0x0 c:/program files (x86)/atmel/studio/7.0/toolchain/avr8/avr8-gnu-toolchain/bin/../lib/gcc/avr/4.9.2/avr51\libgcc.a(_copy_data.o)
 .text          0x00000000        0x0 c:/program files (x86)/atmel/studio/7.0/toolchain/avr8/avr8-gnu-toolchain/bin/../lib/gcc/avr/4.9.2/avr51\libgcc.a(_clear_bss.o)
 .data          0x00000000        0x0 c:/program files (x86)/atmel/studio/7.0/toolchain/avr8/avr8-gnu-toolchain/bin/../lib/gcc/avr/4.9.2/avr51\libgcc.a(_clear_bss.o)
 .bss           0x00000000        0x0 c:/program files (x86)/atmel/studio/7.0/toolchain/avr8/avr8-gnu-toolchain/bin/../lib/gcc/avr/4.9.2/avr51\libgcc.a(_clear_bss.o)
 .text.libgcc.mul
                0x00000000        0x0 c:/program files (x86)/atmel/studio/7.0/toolchain/avr8/avr8-gnu-toolchain/bin/../lib/gcc/avr/4.9.2/avr51\libgcc.a(_clear_bss.o)
 .text.libgcc.div
                0x00000000        0x0 c:/program files (x86)/atmel/studio/7.0/toolchain/avr8/avr8-gnu-toolchain/bin/../lib/gcc/avr/4.9.2/avr51\libgcc.a(_clear_bss.o)
 .text.libgcc   0x00000000        0x0 c:/program files (x86)/atmel/studio/7.0/toolchain/avr8/avr8-gnu-toolchain/bin/../lib/gcc/avr/4.9.2/avr51\libgcc.a(_clear_bss.o)
 .text.libgcc.prologue
                0x00000000        0x0 c:/program files (x86)/atmel/studio/7.0/toolchain/avr8/avr8-gnu-toolchain/bin/../lib/gcc/avr/4.9.2/avr51\libgcc.a(_clear_bss.o)
 .text.libgcc.builtins
                0x00000000        0x0 c:/program files (x86)/atmel/studio/7.0/toolchain/avr8/avr8-gnu-toolchain/bin/../lib/gcc/avr/4.9.2/avr51\libgcc.a(_clear_bss.o)
 .text.libgcc.fmul
                0x00000000        0x0 c:/program files (x86)/atmel/studio/7.0/toolchain/avr8/avr8-gnu-toolchain/bin/../lib/gcc/avr/4.9.2/avr51\libgcc.a(_clear_bss.o)
 .text.libgcc.fixed
                0x00000000        0x0 c:/program files (x86)/atmel/studio/7.0/toolchain/avr8/avr8-gnu-toolchain/bin/../lib/gcc/avr/4.9.2/avr51\libgcc.a(_clear_bss.o)
 .text          0x00000000        0x0 c:/program files (x86)/atmel/studio/7.0/toolchain/avr8/avr8-gnu-toolchain/bin/../lib/gcc/avr/4.9.2/avr51\libgcc.a(_umulhisi3.o)
 .data          0x00000000        0x0 c:/program files (x86)/atmel/studio/7.0/toolchain/avr8/avr8-gnu-toolchain/bin/../lib/gcc/avr/4.9.2/avr51\libgcc.a(_umulhisi3.o)
 .bss           0x00000000        0x0 c:/program files (x86)/atmel/studio/7.0/toolchain/avr8/avr8-gnu-toolchain/bin/../lib/gcc/avr/4.9.2/avr51\libgcc.a(_umulhisi3.o)
 .text.libgcc.div
                0x00000000        0x0 c:/program files (x86)/atmel/studio/7.0/toolchain/avr8/avr8-gnu-toolchain/bin/../lib/gcc/avr/4.9.2/avr51\libgcc.a(_umulhisi3.o)
 .text.libgcc   0x00000000        0x0 c:/program files (x86)/atmel/studio/7.0/toolchain/avr8/avr8-gnu-toolchain/bin/../lib/gcc/avr/4.9.2/avr51\libgcc.a(_umulhisi3.o)
 .text.libgcc.prologue
                0x00000000        0x0 c:/program files (x86)/atmel/studio/7.0/toolchain/avr8/avr8-gnu-toolchain/bin/../lib/gcc/avr/4.9.2/avr51\libgcc.a(_umulhisi3.o)
 .text.libgcc.builtins
                0x00000000        0x0 c:/program files (x86)/atmel/studio/7.0/toolchain/avr8/avr8-gnu-toolchain/bin/../lib/gcc/avr/4.9.2/avr51\libgcc.a(_umulhisi3.o)
 .text.libgcc.fmul
                0x00000000        0x0 c:/program files (x86)/atmel/studio/7.0/toolchain/avr8/avr8-gnu-toolchain/bin/../lib/gcc/avr/4.9.2/avr51\libgcc.a(_umulhisi3.o)
 .text.libgcc.fixed
                0x00000000        0x0 c:/program files (x86)/atmel/studio/7.0/toolchain/avr8/avr8-gnu-toolchain/bin/../lib/gcc/avr/4.9.2/avr51\libgcc.a(_umulhisi3.o)
 .text          0x00000000        0x0 c:/program files (x86)/atmel/studio/7.0/toolchain/avr8/avr8-gnu-toolchain/bin/../lib/gcc/avr/4.9.2/avr51\libgcc.a(_udivmodsi4.o)
 .data          0x00000000        0x0 c:/program files (x86)/atmel/studio/7.0/toolchain/avr8/avr8-gnu-toolchain/bin/../lib/gcc/avr/4.9.2/avr51\libgcc.a(_udivmodsi4.o)
 .bss           0x00000000        0x0 c:/program files (x86)/atmel/studio/7.0/toolchain/avr8/avr8-gnu-toolchain/bin/../lib/gcc/avr/4.9.2/avr51\libgcc.a(_udivmodsi4.o)
 .text.libgcc.mul
                0x00000000        0x0 c:/program files (x86)/atmel/studio/7.0/toolchain/avr8/avr8-gnu-toolchain/bin/../lib/gcc/avr/4.9.2/avr51\libgcc.a(_udivmodsi4.o)
 .text.libgcc.div
                0x00000000       0x44 c:/program files (x86)/atmel/studio/7.0/toolchain/avr8/avr8-gnu-toolchain/bin/../lib/gcc/avr/4.9.2/avr51\libgcc.a(_udivmodsi4.o)
 .text.libgcc   0x00000000        0x0 c:/program files (x86)/atmel/studio/7.0/toolchain/avr8/avr8-gnu-toolchain/bin/../lib/gcc/avr/4.9.2/avr51\libgcc.a(_udivmodsi4.o)
 .text.libgcc.prologue
                0x00000000        0x0 c:/program files (x86)/atmel/studio/7.0/toolchain/avr8/avr8-gnu-toolchain/bin/../lib/gcc/avr/4.9.2/avr51\libgcc.a(_udivmodsi4.o)
 .text.libgcc.builtins
                0x00000000        0x0 c:/program files (x86)/atmel/studio/7.0/toolchain/avr8/avr8-gnu-toolchain/bin/../lib/gcc/avr/4.9.2/avr51\libgcc.a(_udivmodsi4.o)
 .text.libgcc.fmul
                0x00000000        0x0 c:/program files (x86)/atmel/studio/7.0/toolchain/avr8/avr8-gnu-toolchain/bin/../lib/gcc/avr/4.9.2/avr51\libgcc.a(_udivmodsi4.o)
 .text.libgcc.fixed
                0x00000000        0x0 c:/program files (x86)/atmel/studio/7.0/toolchain/avr8/avr8-gnu-toolchain/bin/../lib/gcc/avr/4.9.2/avr51\libgcc.a(_udivmodsi4.o)
 .text          0x00000000        0x0 c:/program files (x86)/atmel/studio/7.0/toolchain/avr8/avr8-gnu-toolchain/bin/../lib/gcc/avr/4.9.2/../../../../avr/lib/avr51\libc.a(malloc.o)
 .bss           0x00000000        0x0 c:/program files (x86)/atmel/studio/7.0/toolchain/avr8/avr8-gnu-toolchain/bin/../lib/gcc/avr/4.9.2/../../../../avr/lib/avr51\libc.a(malloc.o)

Memory Configuration

Name             Origin             Length             Attributes
text             0x00000000         0x00020000         xr
data             0x00800100         0x0000ff00         rw !x
eeprom           0x00810000         0x00010000         rw !x
fuse             0x00820000         0x00000003         rw !x
lock             0x00830000         0x00000400         rw !x
signature        0x00840000         0x00000400         rw !x
user_signatures  0x00850000         0x00000400         rw !x
*default*        0x00000000         0xffffffff

Linker script and memory map

Address of section .data set to 0x800200
LOAD C:/Program Files (x86)/Atmel/Studio/7.0/Packs/atmel/ATmega_DFP/1.1.130/gcc/dev/atmega1280/avr51/crtatmega1280.o
LOAD display.o
LOAD DS1337.o
LOAD main.o
LOAD ringbuffer.o
LOAD spi.o
LOAD twi.o
LOAD usart0.o
START GROUP
LOAD c:/program files (x86)/atmel/studio/7.0/toolchain/avr8/avr8-gnu-toolchain/bin/../lib/gcc/avr/4.9.2/../../../../avr/lib/avr51\libm.a
END GROUP
START GROUP
LOAD c:/program files (x86)/atmel/studio/7.0/toolchain/avr8/avr8-gnu-toolchain/bin/../lib/gcc/avr/4.9.2/avr51\libgcc.a
LOAD c:/program files (x86)/atmel/studio/7.0/toolchain/avr8/avr8-gnu-toolchain/bin/../lib/gcc/avr/4.9.2/../../../../avr/lib/avr51\libm.a
LOAD c:/program files (x86)/atmel/studio/7.0/toolchain/avr8/avr8-gnu-toolchain/bin/../lib/gcc/avr/4.9.2/../../../../avr/lib/avr51\libc.a
LOAD C:/Program Files (x86)/Atmel/Studio/7.0/Packs/atmel/ATmega_DFP/1.1.130/gcc/dev/atmega1280/avr51\libatmega1280.a
END GROUP
                0x00020000                __TEXT_REGION_LENGTH__ = DEFINED (__TEXT_REGION_LENGTH__)?__TEXT_REGION_LENGTH__:0x20000
                0x0000ff00                __DATA_REGION_LENGTH__ = DEFINED (__DATA_REGION_LENGTH__)?__DATA_REGION_LENGTH__:0xff00
                0x00010000                __EEPROM_REGION_LENGTH__ = DEFINED (__EEPROM_REGION_LENGTH__)?__EEPROM_REGION_LENGTH__:0x10000
                [0x00000003]                __FUSE_REGION_LENGTH__ = DEFINED (__FUSE_REGION_LENGTH__)?__FUSE_REGION_LENGTH__:0x400
                0x00000400                __LOCK_REGION_LENGTH__ = DEFINED (__LOCK_REGION_LENGTH__)?__LOCK_REGION_LENGTH__:0x400
                0x00000400                __SIGNATURE_REGION_LENGTH__ = DEFINED (__SIGNATURE_REGION_LENGTH__)?__SIGNATURE_REGION_LENGTH__:0x400
                0x00000400                __USER_SIGNATURE_REGION_LENGTH__ = DEFINED (__USER_SIGNATURE_REGION_LENGTH__)?__USER_SIGNATURE_REGION_LENGTH__:0x400

.hash
 *(.hash)

.dynsym
 *(.dynsym)

.dynstr
 *(.dynstr)

.gnu.version
 *(.gnu.version)

.gnu.version_d
 *(.gnu.version_d)

.gnu.version_r
 *(.gnu.version_r)

.rel.init
 *(.rel.init)

.rela.init
 *(.rela.init)

.rel.text
 *(.rel.text)
 *(.rel.text.*)
 *(.rel.gnu.linkonce.t*)

.rela.text
 *(.rela.text)
 *(.rela.text.*)
 *(.rela.gnu.linkonce.t*)

.rel.fini
 *(.rel.fini)

.rela.fini
 *(.rela.fini)

.rel.rodata
 *(.rel.rodata)
 *(.rel.rodata.*)
 *(.rel.gnu.linkonce.r*)

.rela.rodata
 *(.rela.rodata)
 *(.rela.rodata.*)
 *(.rela.gnu.linkonce.r*)

.rel.data
 *(.rel.data)
 *(.rel.data.*)
 *(.rel.gnu.linkonce.d*)

.rela.data
 *(.rela.data)
 *(.rela.data.*)
 *(.rela.gnu.linkonce.d*)

.rel.ctors
 *(.rel.ctors)

.rela.ctors
 *(.rela.ctors)

.rel.dtors
 *(.rel.dtors)

.rela.dtors
 *(.rela.dtors)

.rel.got
 *(.rel.got)

.rela.got
 *(.rela.got)

.rel.bss
 *(.rel.bss)

.rela.bss
 *(.rela.bss)

.rel.plt
 *(.rel.plt)

.rela.plt
 *(.rela.plt)

.text           0x00000000      0xa0c
 *(.vectors)
 .vectors       0x00000000       0xe4 C:/Program Files (x86)/Atmel/Studio/7.0/Packs/atmel/ATmega_DFP/1.1.130/gcc/dev/atmega1280/avr51/crtatmega1280.o
                0x00000000                __vector_default
                0x00000000                __vectors
 *(.vectors)
 *(.progmem.gcc*)
                0x000000e4                . = ALIGN (0x2)
                0x000000e4                __trampolines_start = .
 *(.trampolines)
 .trampolines   0x000000e4        0x0 linker stubs
 *(.trampolines*)
                0x000000e4                __trampolines_end = .
 *libprintf_flt.a:*(.progmem.data)
 *libc.a:*(.progmem.data)
 *(.progmem*)
                0x000000e4                . = ALIGN (0x2)
 *(.jumptables)
 *(.jumptables*)
 *(.lowtext)
 *(.lowtext*)
                0x000000e4                __ctors_start = .
 *(.ctors)
                0x000000e4                __ctors_end = .
                0x000000e4                __dtors_start = .
 *(.dtors)
                0x000000e4                __dtors_end = .
 SORT(*)(.ctors)
 SORT(*)(.dtors)
 *(.init0)
 .init0         0x000000e4        0x0 C:/Program Files (x86)/Atmel/Studio/7.0/Packs/atmel/ATmega_DFP/1.1.130/gcc/dev/atmega1280/avr51/crtatmega1280.o
                0x000000e4                __init
 *(.init0)
 *(.init1)
 *(.init1)
 *(.init2)
 .init2         0x000000e4        0xc C:/Program Files (x86)/Atmel/Studio/7.0/Packs/atmel/ATmega_DFP/1.1.130/gcc/dev/atmega1280/avr51/crtatmega1280.o
 *(.init2)
 *(.init3)
 *(.init3)
 *(.init4)
 .init4         0x000000f0       0x1a c:/program files (x86)/atmel/studio/7.0/toolchain/avr8/avr8-gnu-toolchain/bin/../lib/gcc/avr/4.9.2/avr51\libgcc.a(_copy_data.o)
                0x000000f0                __do_copy_data
 .init4         0x0000010a       0x10 c:/program files (x86)/atmel/studio/7.0/toolchain/avr8/avr8-gnu-toolchain/bin/../lib/gcc/avr/4.9.2/avr51\libgcc.a(_clear_bss.o)
                0x0000010a                __do_clear_bss
 *(.init4)
 *(.init5)
 *(.init5)
 *(.init6)
 *(.init6)
 *(.init7)
 *(.init7)
 *(.init8)
 *(.init8)
 *(.init9)
 .init9         0x0000011a        0x4 C:/Program Files (x86)/Atmel/Studio/7.0/Packs/atmel/ATmega_DFP/1.1.130/gcc/dev/atmega1280/avr51/crtatmega1280.o
 *(.init9)
 *(.text)
 .text          0x0000011e        0x2 C:/Program Files (x86)/Atmel/Studio/7.0/Packs/atmel/ATmega_DFP/1.1.130/gcc/dev/atmega1280/avr51/crtatmega1280.o
                0x0000011e                __vector_38
                0x0000011e                __vector_22
                0x0000011e                __vector_28
                0x0000011e                __vector_1
                0x0000011e                __vector_32
                0x0000011e                __vector_34
                0x0000011e                __vector_24
                0x0000011e                __vector_12
                0x0000011e                __vector_55
                0x0000011e                __vector_46
                0x0000011e                __bad_interrupt
                0x0000011e                __vector_6
                0x0000011e                __vector_31
                0x0000011e                __vector_35
                0x0000011e                __vector_3
                0x0000011e                __vector_30
                0x0000011e                __vector_45
                0x0000011e                __vector_11
                0x0000011e                __vector_54
                0x0000011e                __vector_13
                0x0000011e                __vector_17
                0x0000011e                __vector_19
                0x0000011e                __vector_56
                0x0000011e                __vector_7
                0x0000011e                __vector_49
                0x0000011e                __vector_41
                0x0000011e                __vector_43
                0x0000011e                __vector_27
                0x0000011e                __vector_5
                0x0000011e                __vector_33
                0x0000011e                __vector_47
                0x0000011e                __vector_52
                0x0000011e                __vector_37
                0x0000011e                __vector_4
                0x0000011e                __vector_44
                0x0000011e                __vector_51
                0x0000011e                __vector_9
                0x0000011e                __vector_2
                0x0000011e                __vector_21
                0x0000011e                __vector_15
                0x0000011e                __vector_36
                0x0000011e                __vector_29
                0x0000011e                __vector_40
                0x0000011e                __vector_8
                0x0000011e                __vector_48
                0x0000011e                __vector_14
                0x0000011e                __vector_53
                0x0000011e                __vector_10
                0x0000011e                __vector_50
                0x0000011e                __vector_16
                0x0000011e                __vector_18
                0x0000011e                __vector_20
                0x0000011e                __vector_42
                0x00000120                . = ALIGN (0x2)
 *(.text.*)
 .text._display_init
                0x00000120       0x26 display.o
                0x00000120                _display_init
 .text._trigger_display
                0x00000146       0x60 display.o
                0x00000146                _trigger_display
 .text.__vector_23
                0x000001a6       0x6c display.o
                0x000001a6                __vector_23
 .text.display_value
                0x00000212       0xbe display.o
                0x00000212                display_value
 .text.toBcd    0x000002d0       0x26 DS1337.o
                0x000002d0                toBcd
 .text.rtc_setTime
                0x000002f6       0x6a DS1337.o
                0x000002f6                rtc_setTime
 .text.rtc_getTime
                0x00000360        0xe DS1337.o
                0x00000360                rtc_getTime
 .text.a0       0x0000036e        0x8 main.o
                0x0000036e                a0
 .text.fromBcd  0x00000376       0x16 main.o
                0x00000376                fromBcd
 .text.a1       0x0000038c       0x2e main.o
                0x0000038c                a1
 .text.main     0x000003ba       0x22 main.o
                0x000003ba                main
 .text.ring_buffer_queue
                0x000003dc       0x42 ringbuffer.o
                0x000003dc                ring_buffer_queue
 .text.ring_buffer_dequeue
                0x0000041e       0x32 ringbuffer.o
                0x0000041e                ring_buffer_dequeue
 .text.spi_init
                0x00000450       0x2c spi.o
                0x00000450                spi_init
 .text.spi_send_byte
                0x0000047c       0x14 spi.o
                0x0000047c                spi_send_byte
 .text.__vector_39
                0x00000490      0x1a2 twi.o
                0x00000490                __vector_39
 .text.twi_write
                0x00000632       0x3c twi.o
                0x00000632                twi_write
 .text.twi_read
                0x0000066e       0x4e twi.o
                0x0000066e                twi_read
 .text.__vector_25
                0x000006bc       0x56 usart0.o
                0x000006bc                __vector_25
 .text.__vector_26
                0x00000712       0x7e usart0.o
                0x00000712                __vector_26
 .text.libgcc.mul
                0x00000790       0x1e c:/program files (x86)/atmel/studio/7.0/toolchain/avr8/avr8-gnu-toolchain/bin/../lib/gcc/avr/4.9.2/avr51\libgcc.a(_umulhisi3.o)
                0x00000790                __umulhisi3
 .text.avr-libc
                0x000007ae      0x25a c:/program files (x86)/atmel/studio/7.0/toolchain/avr8/avr8-gnu-toolchain/bin/../lib/gcc/avr/4.9.2/../../../../avr/lib/avr51\libc.a(malloc.o)
                0x000007ae                malloc
                0x000008d8                free
                0x00000a08                . = ALIGN (0x2)
 *(.fini9)
 .fini9         0x00000a08        0x0 c:/program files (x86)/atmel/studio/7.0/toolchain/avr8/avr8-gnu-toolchain/bin/../lib/gcc/avr/4.9.2/avr51\libgcc.a(_exit.o)
                0x00000a08                _exit
                0x00000a08                exit
 *(.fini9)
 *(.fini8)
 *(.fini8)
 *(.fini7)
 *(.fini7)
 *(.fini6)
 *(.fini6)
 *(.fini5)
 *(.fini5)
 *(.fini4)
 *(.fini4)
 *(.fini3)
 *(.fini3)
 *(.fini2)
 *(.fini2)
 *(.fini1)
 *(.fini1)
 *(.fini0)
 .fini0         0x00000a08        0x4 c:/program files (x86)/atmel/studio/7.0/toolchain/avr8/avr8-gnu-toolchain/bin/../lib/gcc/avr/4.9.2/avr51\libgcc.a(_exit.o)
 *(.fini0)
                0x00000a0c                _etext = .

.data           0x00800200       0x1c load address 0x00000a0c
                0x00800200                PROVIDE (__data_start, .)
 *(.data)
 .data          0x00800200        0x6 c:/program files (x86)/atmel/studio/7.0/toolchain/avr8/avr8-gnu-toolchain/bin/../lib/gcc/avr/4.9.2/../../../../avr/lib/avr51\libc.a(malloc.o)
                0x00800200                __malloc_heap_end
                0x00800202                __malloc_heap_start
                0x00800204                __malloc_margin
 *(.data*)
 .data.value_by_digits
                0x00800206        0x4 display.o
                0x00800206                value_by_digits
 *(.rodata)
 *(.rodata*)
 .rodata.DIGIT  0x0080020a        0xa display.o
                0x0080020a                DIGIT
 .rodata.DISPLAY
                0x00800214        0x8 display.o
                0x00800214                DISPLAY
 *(.gnu.linkonce.d*)
                0x0080021c                . = ALIGN (0x2)
                0x0080021c                _edata = .
                0x0080021c                PROVIDE (__data_end, .)

.bss            0x0080021c      0x116
                0x0080021c                PROVIDE (__bss_start, .)
 *(.bss)
 *(.bss*)
 .bss.current   0x0080021c        0x1 display.o
                0x0080021c                current
 .bss.init      0x0080021d        0x1 display.o
                0x0080021d                init
 .bss.status    0x0080021e        0x1 main.o
                0x0080021e                status
 *(COMMON)
 COMMON         0x0080021f        0xb twi.o
                0x0080021f                reg
                0x00800220                TXIndex
                0x00800222                TXSize
                0x00800224                TXBuffer
                0x00800226                mode
                0x00800227                deviceId
                0x00800228                callbackFunction
 COMMON         0x0080022a      0x104 usart0.o
                0x0080022a                usart0_recv_ring_buf
                0x008002ac                usart0_send_ring_buf
 COMMON         0x0080032e        0x4 c:/program files (x86)/atmel/studio/7.0/toolchain/avr8/avr8-gnu-toolchain/bin/../lib/gcc/avr/4.9.2/../../../../avr/lib/avr51\libc.a(malloc.o)
                0x0080032e                __brkval
                0x00800330                __flp
                0x00800332                PROVIDE (__bss_end, .)
                0x00000a0c                __data_load_start = LOADADDR (.data)
                0x00000a28                __data_load_end = (__data_load_start + SIZEOF (.data))

.noinit         0x00800332        0x0
                [!provide]                PROVIDE (__noinit_start, .)
 *(.noinit*)
                [!provide]                PROVIDE (__noinit_end, .)
                0x00800332                _end = .
                0x00800332                PROVIDE (__heap_start, .)

.eeprom         0x00810000        0x0
 *(.eeprom*)
                0x00810000                __eeprom_end = .

.fuse
 *(.fuse)
 *(.lfuse)
 *(.hfuse)
 *(.efuse)

.lock
 *(.lock*)

.signature
 *(.signature*)

.user_signatures
 *(.user_signatures*)

.stab
 *(.stab)

.stabstr
 *(.stabstr)

.stab.excl
 *(.stab.excl)

.stab.exclstr
 *(.stab.exclstr)

.stab.index
 *(.stab.index)

.stab.indexstr
 *(.stab.indexstr)

.comment        0x00000000       0x30
 *(.comment)
 .comment       0x00000000       0x30 display.o
                                 0x31 (size before relaxing)
 .comment       0x00000030       0x31 DS1337.o
 .comment       0x00000030       0x31 main.o
 .comment       0x00000030       0x31 ringbuffer.o
 .comment       0x00000030       0x31 spi.o
 .comment       0x00000030       0x31 twi.o
 .comment       0x00000030       0x31 usart0.o
 .comment       0x00000030       0x31 c:/program files (x86)/atmel/studio/7.0/toolchain/avr8/avr8-gnu-toolchain/bin/../lib/gcc/avr/4.9.2/../../../../avr/lib/avr51\libc.a(malloc.o)

.note.gnu.avr.deviceinfo
                0x00000000       0x40
 .note.gnu.avr.deviceinfo
                0x00000000       0x40 C:/Program Files (x86)/Atmel/Studio/7.0/Packs/atmel/ATmega_DFP/1.1.130/gcc/dev/atmega1280/avr51/crtatmega1280.o

.note.gnu.build-id
 *(.note.gnu.build-id)

.debug
 *(.debug)

.line
 *(.line)

.debug_srcinfo
 *(.debug_srcinfo)

.debug_sfnames
 *(.debug_sfnames)

.debug_aranges  0x00000000      0x1d8
 *(.debug_aranges)
 .debug_aranges
                0x00000000       0x38 display.o
 .debug_aranges
                0x00000038       0x48 DS1337.o
 .debug_aranges
                0x00000080       0x38 main.o
 .debug_aranges
                0x000000b8       0x60 ringbuffer.o
 .debug_aranges
                0x00000118       0x28 spi.o
 .debug_aranges
                0x00000140       0x38 twi.o
 .debug_aranges
                0x00000178       0x60 usart0.o

.debug_pubnames
 *(.debug_pubnames)

.debug_info     0x00000000     0x230d
 *(.debug_info .gnu.linkonce.wi.*)
 .debug_info    0x00000000      0xbbc C:/Program Files (x86)/Atmel/Studio/7.0/Packs/atmel/ATmega_DFP/1.1.130/gcc/dev/atmega1280/avr51/crtatmega1280.o
 .debug_info    0x00000bbc      0x279 display.o
 .debug_info    0x00000e35      0x3de DS1337.o
 .debug_info    0x00001213      0x1e2 main.o
 .debug_info    0x000013f5      0x409 ringbuffer.o
 .debug_info    0x000017fe      0x114 spi.o
 .debug_info    0x00001912      0x2c4 twi.o
 .debug_info    0x00001bd6      0x737 usart0.o

.debug_abbrev   0x00000000     0x1503
 *(.debug_abbrev)
 .debug_abbrev  0x00000000      0xb1a C:/Program Files (x86)/Atmel/Studio/7.0/Packs/atmel/ATmega_DFP/1.1.130/gcc/dev/atmega1280/avr51/crtatmega1280.o
 .debug_abbrev  0x00000b1a      0x14c display.o
 .debug_abbrev  0x00000c66      0x140 DS1337.o
 .debug_abbrev  0x00000da6      0x115 main.o
 .debug_abbrev  0x00000ebb      0x1c7 ringbuffer.o
 .debug_abbrev  0x00001082       0xa9 spi.o
 .debug_abbrev  0x0000112b      0x195 twi.o
 .debug_abbrev  0x000012c0      0x243 usart0.o

.debug_line     0x00000000      0xe88
 *(.debug_line .debug_line.* .debug_line_end)
 .debug_line    0x00000000      0x1ed C:/Program Files (x86)/Atmel/Studio/7.0/Packs/atmel/ATmega_DFP/1.1.130/gcc/dev/atmega1280/avr51/crtatmega1280.o
 .debug_line    0x000001ed      0x1ab display.o
 .debug_line    0x00000398      0x170 DS1337.o
 .debug_line    0x00000508      0x126 main.o
 .debug_line    0x0000062e      0x24d ringbuffer.o
 .debug_line    0x0000087b      0x100 spi.o
 .debug_line    0x0000097b      0x21f twi.o
 .debug_line    0x00000b9a      0x2ee usart0.o

.debug_frame    0x00000000      0x50c
 *(.debug_frame)
 .debug_frame   0x00000000       0xb4 display.o
 .debug_frame   0x000000b4       0xbc DS1337.o
 .debug_frame   0x00000170       0x64 main.o
 .debug_frame   0x000001d4       0xe4 ringbuffer.o
 .debug_frame   0x000002b8       0x34 spi.o
 .debug_frame   0x000002ec       0xbc twi.o
 .debug_frame   0x000003a8      0x164 usart0.o

.debug_str      0x00000000      0x9c8
 *(.debug_str)
 .debug_str     0x00000000      0x3e6 C:/Program Files (x86)/Atmel/Studio/7.0/Packs/atmel/ATmega_DFP/1.1.130/gcc/dev/atmega1280/avr51/crtatmega1280.o
 .debug_str     0x000003e6      0x1e5 display.o
                                0x22b (size before relaxing)
 .debug_str     0x000005cb       0x6e DS1337.o
                                0x1df (size before relaxing)
 .debug_str     0x00000639       0x20 main.o
                                0x1bc (size before relaxing)
 .debug_str     0x00000659      0x119 ringbuffer.o
                                0x294 (size before relaxing)
 .debug_str     0x00000772       0x5a spi.o
                                0x1d4 (size before relaxing)
 .debug_str     0x000007cc       0x94 twi.o
                                0x217 (size before relaxing)
 .debug_str     0x00000860      0x168 usart0.o
                                0x3a0 (size before relaxing)

.debug_loc      0x00000000     0x127b
 *(.debug_loc)
 .debug_loc     0x00000000      0x1e2 display.o
 .debug_loc     0x000001e2      0x34b DS1337.o
 .debug_loc     0x0000052d       0xb9 main.o
 .debug_loc     0x000005e6      0x4a6 ringbuffer.o
 .debug_loc     0x00000a8c       0xb1 spi.o
 .debug_loc     0x00000b3d      0x298 twi.o
 .debug_loc     0x00000dd5      0x4a6 usart0.o

.debug_macinfo
 *(.debug_macinfo)

.debug_weaknames
 *(.debug_weaknames)

.debug_funcnames
 *(.debug_funcnames)

.debug_typenames
 *(.debug_typenames)

.debug_varnames
 *(.debug_varnames)

.debug_pubtypes
 *(.debug_pubtypes)

.debug_ranges   0x00000000      0x168
 *(.debug_ranges)
 .debug_ranges  0x00000000       0x28 display.o
 .debug_ranges  0x00000028       0x38 DS1337.o
 .debug_ranges  0x00000060       0x28 main.o
 .debug_ranges  0x00000088       0x50 ringbuffer.o
 .debug_ranges  0x000000d8       0x18 spi.o
 .debug_ranges  0x000000f0       0x28 twi.o
 .debug_ranges  0x00000118       0x50 usart0.o

.debug_macro
 *(.debug_macro)
OUTPUT(Clock.elf elf32-avr)
LOAD linker stubs
